---
source: tests/real_world_fixtures.rs
expression: "topic_summary(&fixture_path(\"quadrotor_local.ulg\"))"
---
action_request: 2
actuator_armed: 185
actuator_motors: 926
actuator_outputs: 927
battery_status: 464
can_interface_status: 1816
config_overrides: 186
control_allocator_status: 464
cpuload: 186
distance_sensor_mode_change_request: 1
estimator_aid_src_baro_hgt: 370
estimator_aid_src_fake_hgt: 1
estimator_aid_src_fake_pos: 185
estimator_aid_src_gravity: 370
estimator_aid_src_mag: 370
estimator_attitude: 370
estimator_event_flags: 187
estimator_innovation_test_ratios: 370
estimator_innovation_variances: 370
estimator_innovations: 370
estimator_local_position: 370
estimator_odometry: 370
estimator_selector_status: 93
estimator_sensor_bias: 184
estimator_states: 370
estimator_status: 928
estimator_status_flags: 466
event: 43
failsafe_flags: 170
failure_detector_status: 185
hover_thrust_estimate: 732
input_rc: 184
landing_gear: 1
magnetometer_bias_estimate: 5
manual_control_setpoint: 464
manual_control_switches: 92
navigator_status: 183
parameter_update: 2
position_setpoint_triplet: 1
px4io_status: 93
radio_status: 93
rate_ctrl_status: 464
rtl_status: 46
rtl_time_estimate: 46
sensor_accel: 184
sensor_baro: 92
sensor_combined: 20236
sensor_gps: 92
sensor_gyro: 184
sensor_mag: 184
sensor_selection: 1
sensors_status_imu: 464
system_power: 184
takeoff_status: 2
telemetry_status: 92
trajectory_setpoint: 1
transponder_report: 1
vehicle_acceleration: 1851
vehicle_air_data: 464
vehicle_angular_velocity: 4625
vehicle_attitude: 1851
vehicle_attitude_setpoint: 1851
vehicle_command: 8
vehicle_command_ack: 4
vehicle_constraints: 1
vehicle_control_mode: 185
vehicle_gps_position: 926
vehicle_imu: 370
vehicle_imu_status: 184
vehicle_land_detected: 97
vehicle_local_position: 926
vehicle_local_position_setpoint: 1
vehicle_magnetometer: 185
vehicle_rates_setpoint: 4625
vehicle_status: 185
vehicle_thrust_setpoint: 4625
vehicle_torque_setpoint: 4625
