---
source: tests/real_world_fixtures.rs
expression: "log_summary(&fixture_path(\"fixed_wing_gps.ulg\"))"
---
topics:
  action_request: 2
  actuator_armed: 1220
  actuator_motors: 6057
  actuator_outputs: 6057
  actuator_servos: 6057
  airspeed: 605
  airspeed_validated: 3029
  airspeed_wind: 1210
  battery_status: 3029
  control_allocator_status: 3029
  cpuload: 1212
  differential_pressure: 605
  estimator_attitude: 3633
  estimator_baro_bias: 3633
  estimator_event_flags: 1811
  estimator_global_position: 1815
  estimator_gps_status: 1815
  estimator_innovation_test_ratios: 3633
  estimator_innovation_variances: 3633
  estimator_innovations: 3633
  estimator_local_position: 3633
  estimator_selector_status: 605
  estimator_sensor_bias: 12653
  estimator_states: 1815
  estimator_status: 9087
  estimator_status_flags: 1886
  estimator_wind: 1794
  event: 39
  failsafe_flags: 1174
  failure_detector_status: 1218
  flaps_setpoint: 605
  home_position: 4
  input_rc: 1211
  magnetometer_bias_estimate: 6
  manual_control_setpoint: 3029
  manual_control_switches: 604
  mission_result: 9
  navigator_mission_item: 4
  npfg_status: 4584
  parameter_update: 2
  position_controller_landing_status: 761
  position_controller_status: 921
  position_setpoint_triplet: 12
  px4io_status: 597
  rate_ctrl_status: 2920
  rtl_time_estimate: 597
  sensor_accel: 1815
  sensor_baro: 605
  sensor_combined: 121481
  sensor_gps: 605
  sensor_gyro: 1815
  sensor_mag: 1210
  sensor_selection: 1
  sensors_status_imu: 3029
  spoilers_setpoint: 605
  system_power: 1211
  tecs_status: 2294
  telemetry_status: 605
  transponder_report: 1
  vehicle_acceleration: 12112
  vehicle_air_data: 3029
  vehicle_angular_velocity: 30277
  vehicle_attitude: 12112
  vehicle_attitude_setpoint: 11671
  vehicle_command: 27
  vehicle_command_ack: 24
  vehicle_control_mode: 1220
  vehicle_global_position: 3029
  vehicle_gps_position: 1211
  vehicle_imu: 3633
  vehicle_imu_status: 1815
  vehicle_land_detected: 605
  vehicle_local_position: 6057
  vehicle_local_position_setpoint: 3411
  vehicle_magnetometer: 1211
  vehicle_rates_setpoint: 29172
  vehicle_status: 1220
  vehicle_thrust_setpoint: 30277
  vehicle_torque_setpoint: 30277
  wind: 598
  yaw_estimator_status: 1788
parameters:
  ASPD_BETA_GATE: "1"
  ASPD_BETA_NOISE: "0.3"
  ASPD_DO_CHECKS: "7"
  ASPD_FALLBACK_GW: "0"
  ASPD_FS_INNOV: "5"
  ASPD_FS_INTEG: "10"
  ASPD_FS_T_START: "-1"
  ASPD_FS_T_STOP: "2"
  ASPD_PRIMARY: "1"
  ASPD_SCALE_1: "1.0859959"
  ASPD_SCALE_2: "1"
  ASPD_SCALE_3: "1"
  ASPD_SCALE_APPLY: "2"
  ASPD_SCALE_NSD: "0.0001"
  ASPD_TAS_GATE: "3"
  ASPD_TAS_NOISE: "1.4"
  ASPD_WERR_THR: "0.55"
  ASPD_WIND_NSD: "0.01"
  BAT1_A_PER_V: "36.367516"
  BAT1_CAPACITY: "-1"
  BAT1_I_CHANNEL: "-1"
  BAT1_N_CELLS: "6"
  BAT1_R_INTERNAL: "0.005"
  BAT1_SOURCE: "0"
  BAT1_V_CHANNEL: "-1"
  BAT1_V_CHARGED: "4.2"
  BAT1_V_DIV: "18.1"
  BAT1_V_EMPTY: "3.7"
  BAT1_V_LOAD_DROP: "0.3"
  BAT2_A_PER_V: "36.367516"
  BAT2_CAPACITY: "-1"
  BAT2_I_CHANNEL: "-1"
  BAT2_N_CELLS: "0"
  BAT2_R_INTERNAL: "0.005"
  BAT2_SOURCE: "-1"
  BAT2_V_CHANNEL: "-1"
  BAT2_V_CHARGED: "4.05"
  BAT2_V_DIV: "18.1"
  BAT2_V_EMPTY: "3.6"
  BAT2_V_LOAD_DROP: "0.1"
  BATMON_DRIVER_EN: "0"
  BAT_AVRG_CURRENT: "15"
  BAT_CRIT_THR: "0.07"
  BAT_EMERGEN_THR: "0.05"
  BAT_LOW_THR: "0.15"
  BAT_N_CELLS: "3"
  BAT_V_CHARGED: "4.05"
  BAT_V_EMPTY: "3.6"
  BAT_V_LOAD_DROP: "0.3"
  BAT_V_OFFS_CURR: "0"
  CAL_ACC0_ID: "3670026"
  CAL_ACC0_PRIO: "50"
  CAL_ACC0_ROT: "-1"
  CAL_ACC0_XOFF: "-0.05897583"
  CAL_ACC0_XSCALE: "1"
  CAL_ACC0_YOFF: "-0.13384736"
  CAL_ACC0_YSCALE: "1"
  CAL_ACC0_ZOFF: "0.084866"
  CAL_ACC0_ZSCALE: "1"
  CAL_ACC1_ID: "3932170"
  CAL_ACC1_PRIO: "50"
  CAL_ACC1_ROT: "-1"
  CAL_ACC1_XOFF: "0.05180767"
  CAL_ACC1_XSCALE: "1.0064063"
  CAL_ACC1_YOFF: "-0.009019058"
  CAL_ACC1_YSCALE: "1.00356"
  CAL_ACC1_ZOFF: "-0.0277905"
  CAL_ACC1_ZSCALE: "0.9923327"
  CAL_ACC2_ID: "4259850"
  CAL_ACC2_PRIO: "50"
  CAL_ACC2_ROT: "-1"
  CAL_ACC2_XOFF: "0.90363216"
  CAL_ACC2_XSCALE: "0.9901093"
  CAL_ACC2_YOFF: "-0.13299209"
  CAL_ACC2_YSCALE: "0.99385625"
  CAL_ACC2_ZOFF: "0.12691455"
  CAL_ACC2_ZSCALE: "0.99178946"
  CAL_ACC3_ID: "0"
  CAL_AIR_CMODEL: "0"
  CAL_AIR_TUBED_MM: "1.5"
  CAL_AIR_TUBELEN: "0.2"
  CAL_BARO0_ID: "0"
  CAL_BARO1_ID: "0"
  CAL_BARO2_ID: "0"
  CAL_BARO3_ID: "0"
  CAL_GYRO0_ID: "3670026"
  CAL_GYRO0_PRIO: "50"
  CAL_GYRO0_ROT: "-1"
  CAL_GYRO0_XOFF: "0.002011164"
  CAL_GYRO0_YOFF: "0.011608624"
  CAL_GYRO0_ZOFF: "-0.0032013105"
  CAL_GYRO1_ID: "3932170"
  CAL_GYRO1_PRIO: "50"
  CAL_GYRO1_ROT: "-1"
  CAL_GYRO1_XOFF: "0.017480612"
  CAL_GYRO1_YOFF: "-0.02977437"
  CAL_GYRO1_ZOFF: "-0.02065222"
  CAL_GYRO2_ID: "4325386"
  CAL_GYRO2_PRIO: "50"
  CAL_GYRO2_ROT: "-1"
  CAL_GYRO2_XOFF: "-0.0059995097"
  CAL_GYRO2_YOFF: "0.0039873435"
  CAL_GYRO2_ZOFF: "-0.002589184"
  CAL_GYRO3_ID: "0"
  CAL_MAG0_ID: "396825"
  CAL_MAG0_PRIO: "50"
  CAL_MAG0_ROT: "-1"
  CAL_MAG0_XCOMP: "0"
  CAL_MAG0_XODIAG: "-0.011366198"
  CAL_MAG0_XOFF: "0.23893468"
  CAL_MAG0_XSCALE: "1.0309472"
  CAL_MAG0_YCOMP: "0"
  CAL_MAG0_YODIAG: "0.04737753"
  CAL_MAG0_YOFF: "-0.027859166"
  CAL_MAG0_YSCALE: "0.9304434"
  CAL_MAG0_ZCOMP: "0"
  CAL_MAG0_ZODIAG: "0.0901949"
  CAL_MAG0_ZOFF: "0.17856397"
  CAL_MAG0_ZSCALE: "0.9560434"
  CAL_MAG1_ID: "396809"
  CAL_MAG1_PRIO: "75"
  CAL_MAG1_ROT: "0"
  CAL_MAG1_XCOMP: "0"
  CAL_MAG1_XODIAG: "-0.11311253"
  CAL_MAG1_XOFF: "0.062705465"
  CAL_MAG1_XSCALE: "0.9412583"
  CAL_MAG1_YCOMP: "0"
  CAL_MAG1_YODIAG: "0.10096688"
  CAL_MAG1_YOFF: "0.1119131"
  CAL_MAG1_YSCALE: "0.9877651"
  CAL_MAG1_ZCOMP: "0"
  CAL_MAG1_ZODIAG: "-0.0127632795"
  CAL_MAG1_ZOFF: "-0.21551387"
  CAL_MAG1_ZSCALE: "1.0438312"
  CAL_MAG2_ID: "0"
  CAL_MAG2_ROT: "-1"
  CAL_MAG3_ID: "0"
  CAL_MAG3_ROT: "-1"
  CAL_MAG_COMP_TYP: "0"
  CAL_MAG_SIDES: "63"
  CAM_CAP_FBACK: "0"
  CA_AIRFRAME: "1"
  CA_FAILURE_MODE: "0"
  CA_METHOD: "2"
  CA_R0_SLEW: "0"
  CA_R10_SLEW: "0"
  CA_R11_SLEW: "0"
  CA_R1_SLEW: "0"
  CA_R2_SLEW: "0"
  CA_R3_SLEW: "0"
  CA_R4_SLEW: "0"
  CA_R5_SLEW: "0"
  CA_R6_SLEW: "0"
  CA_R7_SLEW: "0"
  CA_R8_SLEW: "0"
  CA_R9_SLEW: "0"
  CA_ROTOR0_CT: "6.5"
  CA_ROTOR0_KM: "0.05"
  CA_ROTOR0_PX: "0.3"
  CA_ROTOR0_PY: "0"
  CA_ROTOR0_PZ: "0"
  CA_ROTOR10_CT: "6.5"
  CA_ROTOR10_KM: "0.05"
  CA_ROTOR10_PX: "0"
  CA_ROTOR10_PY: "0"
  CA_ROTOR10_PZ: "0"
  CA_ROTOR11_CT: "6.5"
  CA_ROTOR11_KM: "0.05"
  CA_ROTOR11_PX: "0"
  CA_ROTOR11_PY: "0"
  CA_ROTOR11_PZ: "0"
  CA_ROTOR1_CT: "6.5"
  CA_ROTOR1_KM: "0.05"
  CA_ROTOR1_PX: "0"
  CA_ROTOR1_PY: "0"
  CA_ROTOR1_PZ: "0"
  CA_ROTOR2_CT: "6.5"
  CA_ROTOR2_KM: "0.05"
  CA_ROTOR2_PX: "0"
  CA_ROTOR2_PY: "0"
  CA_ROTOR2_PZ: "0"
  CA_ROTOR3_CT: "6.5"
  CA_ROTOR3_KM: "0.05"
  CA_ROTOR3_PX: "0"
  CA_ROTOR3_PY: "0"
  CA_ROTOR3_PZ: "0"
  CA_ROTOR4_CT: "6.5"
  CA_ROTOR4_KM: "0.05"
  CA_ROTOR4_PX: "0"
  CA_ROTOR4_PY: "0"
  CA_ROTOR4_PZ: "0"
  CA_ROTOR5_CT: "6.5"
  CA_ROTOR5_KM: "0.05"
  CA_ROTOR5_PX: "0"
  CA_ROTOR5_PY: "0"
  CA_ROTOR5_PZ: "0"
  CA_ROTOR6_CT: "6.5"
  CA_ROTOR6_KM: "0.05"
  CA_ROTOR6_PX: "0"
  CA_ROTOR6_PY: "0"
  CA_ROTOR6_PZ: "0"
  CA_ROTOR7_CT: "6.5"
  CA_ROTOR7_KM: "0.05"
  CA_ROTOR7_PX: "0"
  CA_ROTOR7_PY: "0"
  CA_ROTOR7_PZ: "0"
  CA_ROTOR8_CT: "6.5"
  CA_ROTOR8_KM: "0.05"
  CA_ROTOR8_PX: "0"
  CA_ROTOR8_PY: "0"
  CA_ROTOR8_PZ: "0"
  CA_ROTOR9_CT: "6.5"
  CA_ROTOR9_KM: "0.05"
  CA_ROTOR9_PX: "0"
  CA_ROTOR9_PY: "0"
  CA_ROTOR9_PZ: "0"
  CA_ROTOR_COUNT: "1"
  CA_R_REV: "0"
  CA_SV0_SLEW: "0"
  CA_SV1_SLEW: "0"
  CA_SV2_SLEW: "0"
  CA_SV3_SLEW: "0"
  CA_SV4_SLEW: "0"
  CA_SV5_SLEW: "0"
  CA_SV6_SLEW: "0"
  CA_SV7_SLEW: "0"
  CA_SV_CS0_FLAP: "0"
  CA_SV_CS0_SPOIL: "0"
  CA_SV_CS0_TRIM: "0"
  CA_SV_CS0_TRQ_P: "0"
  CA_SV_CS0_TRQ_R: "-0.5"
  CA_SV_CS0_TRQ_Y: "0"
  CA_SV_CS0_TYPE: "1"
  CA_SV_CS1_FLAP: "0"
  CA_SV_CS1_SPOIL: "0"
  CA_SV_CS1_TRIM: "0"
  CA_SV_CS1_TRQ_P: "0"
  CA_SV_CS1_TRQ_R: "0.5"
  CA_SV_CS1_TRQ_Y: "0"
  CA_SV_CS1_TYPE: "2"
  CA_SV_CS2_FLAP: "0"
  CA_SV_CS2_SPOIL: "0"
  CA_SV_CS2_TRIM: "0.4"
  CA_SV_CS2_TRQ_P: "0.5"
  CA_SV_CS2_TRQ_R: "0"
  CA_SV_CS2_TRQ_Y: "0"
  CA_SV_CS2_TYPE: "3"
  CA_SV_CS3_FLAP: "0"
  CA_SV_CS3_SPOIL: "0"
  CA_SV_CS3_TRIM: "0.24"
  CA_SV_CS3_TRQ_P: "0.5"
  CA_SV_CS3_TRQ_R: "0"
  CA_SV_CS3_TRQ_Y: "0"
  CA_SV_CS3_TYPE: "3"
  CA_SV_CS4_FLAP: "0"
  CA_SV_CS4_SPOIL: "0"
  CA_SV_CS4_TRIM: "0"
  CA_SV_CS4_TRQ_P: "0"
  CA_SV_CS4_TRQ_R: "0"
  CA_SV_CS4_TRQ_Y: "0"
  CA_SV_CS4_TYPE: "0"
  CA_SV_CS5_FLAP: "0"
  CA_SV_CS5_SPOIL: "0"
  CA_SV_CS5_TRIM: "0"
  CA_SV_CS5_TRQ_P: "0"
  CA_SV_CS5_TRQ_R: "0"
  CA_SV_CS5_TRQ_Y: "0"
  CA_SV_CS5_TYPE: "0"
  CA_SV_CS6_FLAP: "0"
  CA_SV_CS6_SPOIL: "0"
  CA_SV_CS6_TRIM: "0"
  CA_SV_CS6_TRQ_P: "0"
  CA_SV_CS6_TRQ_R: "0"
  CA_SV_CS6_TRQ_Y: "0"
  CA_SV_CS6_TYPE: "0"
  CA_SV_CS7_FLAP: "0"
  CA_SV_CS7_SPOIL: "0"
  CA_SV_CS7_TRIM: "0"
  CA_SV_CS7_TRQ_P: "0"
  CA_SV_CS7_TRQ_R: "0"
  CA_SV_CS7_TRQ_Y: "0"
  CA_SV_CS7_TYPE: "0"
  CA_SV_CS_COUNT: "4"
  CBRK_AIRSPD_CHK: "162127"
  CBRK_BUZZER: "0"
  CBRK_FLIGHTTERM: "121212"
  CBRK_IO_SAFETY: "22027"
  CBRK_SUPPLY_CHK: "0"
  CBRK_USB_CHK: "197848"
  CBRK_VTOLARMING: "0"
  COM_ACT_FAIL_ACT: "0"
  COM_ARM_ARSP_EN: "1"
  COM_ARM_AUTH_ID: "10"
  COM_ARM_AUTH_MET: "0"
  COM_ARM_AUTH_REQ: "0"
  COM_ARM_AUTH_TO: "1"
  COM_ARM_CHK_ESCS: "0"
  COM_ARM_EKF_HGT: "1"
  COM_ARM_EKF_POS: "0.5"
  COM_ARM_EKF_VEL: "0.5"
  COM_ARM_EKF_YAW: "0.5"
  COM_ARM_HFLT_CHK: "1"
  COM_ARM_IMU_ACC: "0.7"
  COM_ARM_IMU_GYR: "0.25"
  COM_ARM_MAG_ANG: "90"
  COM_ARM_MAG_STR: "2"
  COM_ARM_MIS_REQ: "0"
  COM_ARM_SDCARD: "1"
  COM_ARM_SWISBTN: "0"
  COM_ARM_WO_GPS: "1"
  COM_CPU_MAX: "95"
  COM_DISARM_LAND: "2"
  COM_DISARM_PRFLT: "-1"
  COM_DL_LOSS_T: "10"
  COM_FAIL_ACT_T: "5"
  COM_FLIGHT_UUID: "122"
  COM_FLTMODE1: "0"
  COM_FLTMODE2: "-1"
  COM_FLTMODE3: "-1"
  COM_FLTMODE4: "8"
  COM_FLTMODE5: "-1"
  COM_FLTMODE6: "2"
  COM_FLT_PROFILE: "0"
  COM_FLT_TIME_MAX: "-1"
  COM_FORCE_SAFETY: "0"
  COM_HLDL_LOSS_T: "120"
  COM_HLDL_REG_T: "0"
  COM_HOME_EN: "1"
  COM_HOME_IN_AIR: "0"
  COM_IMB_PROP_ACT: "0"
  COM_KILL_DISARM: "5"
  COM_LKDOWN_TKO: "3"
  COM_LOW_BAT_ACT: "0"
  COM_MOT_TEST_EN: "1"
  COM_OBC_LOSS_T: "5"
  COM_OBL_RC_ACT: "0"
  COM_OBS_AVOID: "0"
  COM_OF_LOSS_T: "1"
  COM_PARACHUTE: "0"
  COM_POSCTL_NAVL: "0"
  COM_POS_FS_DELAY: "5"
  COM_POS_FS_EPH: "50"
  COM_POS_LOW_EPH: "50"
  COM_POWER_COUNT: "1"
  COM_PREARM_MODE: "0"
  COM_QC_ACT: "0"
  COM_RCL_EXCEPT: "0"
  COM_RC_ARM_HYST: "1000"
  COM_RC_IN_MODE: "3"
  COM_RC_LOSS_T: "0.5"
  COM_RC_OVERRIDE: "1"
  COM_RC_STICK_OV: "30"
  COM_SPOOLUP_TIME: "1"
  COM_TAKEOFF_ACT: "0"
  COM_VEL_FS_EVH: "5"
  COM_WIND_MAX: "-1"
  COM_WIND_WARN: "-1"
  DSHOT_3D_DEAD_H: "1000"
  DSHOT_3D_DEAD_L: "1000"
  DSHOT_3D_ENABLE: "160"
  DSHOT_MIN: "0.055"
  DSHOT_TEL_CFG: "0"
  EKF2_ABIAS_INIT: "0.2"
  EKF2_ABL_ACCLIM: "25"
  EKF2_ABL_GYRLIM: "3"
  EKF2_ABL_LIM: "0.4"
  EKF2_ABL_TAU: "0.5"
  EKF2_ACC_B_NOISE: "0.003"
  EKF2_ACC_NOISE: "0.35"
  EKF2_AID_MASK: "0"
  EKF2_ANGERR_INIT: "0.1"
  EKF2_ARSP_THR: "8"
  EKF2_ASPD_MAX: "20"
  EKF2_ASP_DELAY: "100"
  EKF2_AVEL_DELAY: "5"
  EKF2_BARO_CTRL: "1"
  EKF2_BARO_DELAY: "0"
  EKF2_BARO_GATE: "5"
  EKF2_BARO_NOISE: "3.5"
  EKF2_BCOEF_X: "100"
  EKF2_BCOEF_Y: "100"
  EKF2_BETA_GATE: "5"
  EKF2_BETA_NOISE: "0.3"
  EKF2_DECL_TYPE: "7"
  EKF2_DRAG_CTRL: "0"
  EKF2_DRAG_NOISE: "2.5"
  EKF2_EAS_NOISE: "1.4"
  EKF2_EVA_NOISE: "0.1"
  EKF2_EVP_GATE: "5"
  EKF2_EVP_NOISE: "0.1"
  EKF2_EVV_GATE: "3"
  EKF2_EVV_NOISE: "0.1"
  EKF2_EV_CTRL: "15"
  EKF2_EV_DELAY: "0"
  EKF2_EV_NOISE_MD: "0"
  EKF2_EV_POS_X: "0"
  EKF2_EV_POS_Y: "0"
  EKF2_EV_POS_Z: "0"
  EKF2_EV_QMIN: "0"
  EKF2_FUSE_BETA: "1"
  EKF2_GBIAS_INIT: "0.1"
  EKF2_GND_EFF_DZ: "4"
  EKF2_GND_MAX_HGT: "0.5"
  EKF2_GPS_CHECK: "21"
  EKF2_GPS_CTRL: "7"
  EKF2_GPS_DELAY: "110"
  EKF2_GPS_POS_X: "0"
  EKF2_GPS_POS_Y: "0"
  EKF2_GPS_POS_Z: "0"
  EKF2_GPS_P_GATE: "5"
  EKF2_GPS_P_NOISE: "0.5"
  EKF2_GPS_V_GATE: "5"
  EKF2_GPS_V_NOISE: "0.3"
  EKF2_GRAV_NOISE: "1"
  EKF2_GSF_TAS: "15"
  EKF2_GYR_B_LIM: "0.15"
  EKF2_GYR_B_NOISE: "0.001"
  EKF2_GYR_NOISE: "0.015"
  EKF2_HDG_GATE: "2.6"
  EKF2_HEAD_NOISE: "0.3"
  EKF2_HGT_REF: "1"
  EKF2_IMU_CTRL: "3"
  EKF2_IMU_POS_X: "0"
  EKF2_IMU_POS_Y: "0"
  EKF2_IMU_POS_Z: "0"
  EKF2_MAG_ACCLIM: "0"
  EKF2_MAG_B_NOISE: "0.0001"
  EKF2_MAG_CHECK: "1"
  EKF2_MAG_DECL: "-6.1831636"
  EKF2_MAG_DELAY: "0"
  EKF2_MAG_E_NOISE: "0.001"
  EKF2_MAG_GATE: "3"
  EKF2_MAG_NOISE: "0.05"
  EKF2_MAG_TYPE: "0"
  EKF2_MAG_YAWLIM: "0"
  EKF2_MCOEF: "0.15"
  EKF2_MIN_RNG: "0.1"
  EKF2_MULTI_IMU: "3"
  EKF2_NOAID_NOISE: "10"
  EKF2_NOAID_TOUT: "5000000"
  EKF2_OF_CTRL: "0"
  EKF2_OF_DELAY: "20"
  EKF2_OF_GATE: "3"
  EKF2_OF_N_MAX: "0.5"
  EKF2_OF_N_MIN: "0.15"
  EKF2_OF_POS_X: "0"
  EKF2_OF_POS_Y: "0"
  EKF2_OF_POS_Z: "0"
  EKF2_OF_QMIN: "1"
  EKF2_OF_QMIN_GND: "0"
  EKF2_PCOEF_XN: "0"
  EKF2_PCOEF_XP: "0"
  EKF2_PCOEF_YN: "0"
  EKF2_PCOEF_YP: "0"
  EKF2_PCOEF_Z: "0"
  EKF2_PREDICT_US: "10000"
  EKF2_REQ_EPH: "10"
  EKF2_REQ_EPV: "10"
  EKF2_REQ_GPS_H: "10"
  EKF2_REQ_HDRIFT: "0.5"
  EKF2_REQ_NSATS: "6"
  EKF2_REQ_PDOP: "2.5"
  EKF2_REQ_SACC: "1"
  EKF2_REQ_VDRIFT: "1"
  EKF2_RNG_A_HMAX: "5"
  EKF2_RNG_A_IGATE: "1"
  EKF2_RNG_A_VMAX: "1"
  EKF2_RNG_CTRL: "1"
  EKF2_RNG_DELAY: "5"
  EKF2_RNG_GATE: "5"
  EKF2_RNG_K_GATE: "1"
  EKF2_RNG_NOISE: "0.1"
  EKF2_RNG_PITCH: "0"
  EKF2_RNG_POS_X: "0"
  EKF2_RNG_POS_Y: "0"
  EKF2_RNG_POS_Z: "0"
  EKF2_RNG_QLTY_T: "1"
  EKF2_RNG_SFE: "0.05"
  EKF2_SEL_ERR_RED: "0.2"
  EKF2_SEL_IMU_ACC: "1"
  EKF2_SEL_IMU_ANG: "15"
  EKF2_SEL_IMU_RAT: "7"
  EKF2_SEL_IMU_VEL: "2"
  EKF2_SYNT_MAG_Z: "0"
  EKF2_TAS_GATE: "3"
  EKF2_TAU_POS: "0.25"
  EKF2_TAU_VEL: "0.25"
  EKF2_TERR_GRAD: "0.5"
  EKF2_TERR_MASK: "3"
  EKF2_TERR_NOISE: "5"
  EKF2_WIND_NSD: "0.01"
  EV_TSK_RC_LOSS: "0"
  EV_TSK_STAT_DIS: "0"
  FD_ACT_EN: "1"
  FD_ACT_MOT_C2T: "2"
  FD_ACT_MOT_THR: "0.2"
  FD_ACT_MOT_TOUT: "100"
  FD_ESCS_EN: "1"
  FD_EXT_ATS_EN: "0"
  FD_EXT_ATS_TRIG: "1900"
  FD_FAIL_P: "60"
  FD_FAIL_P_TTRI: "0.3"
  FD_FAIL_R: "60"
  FD_FAIL_R_TTRI: "0.3"
  FD_IMB_PROP_THR: "30"
  FW_ACRO_X_MAX: "90"
  FW_ACRO_Y_MAX: "90"
  FW_ACRO_Z_MAX: "45"
  FW_AIRSPD_MAX: "35"
  FW_AIRSPD_MIN: "10.5"
  FW_AIRSPD_STALL: "10.5"
  FW_AIRSPD_TRIM: "16"
  FW_ARSP_MODE: "0"
  FW_ARSP_SCALE_EN: "1"
  FW_AT_APPLY: "2"
  FW_AT_AXES: "3"
  FW_AT_MAN_AUX: "0"
  FW_AT_START: "0"
  FW_AT_SYSID_AMP: "1"
  FW_BAT_SCALE_EN: "0"
  FW_DTRIM_P_VMAX: "0"
  FW_DTRIM_P_VMIN: "0"
  FW_DTRIM_R_VMAX: "0"
  FW_DTRIM_R_VMIN: "0"
  FW_DTRIM_Y_VMAX: "0"
  FW_DTRIM_Y_VMIN: "0"
  FW_FLAPS_LND_SCL: "1"
  FW_FLAPS_TO_SCL: "0"
  FW_GND_SPD_MIN: "10.5"
  FW_GPSF_LT: "30"
  FW_GPSF_R: "15"
  FW_LAUN_AC_T: "0.05"
  FW_LAUN_AC_THLD: "11"
  FW_LAUN_DETCN_ON: "0"
  FW_LAUN_MOT_DEL: "0"
  FW_LND_ABORT: "3"
  FW_LND_AIRSPD: "-1"
  FW_LND_ANG: "5"
  FW_LND_EARLYCFG: "0"
  FW_LND_FLALT: "0.5"
  FW_LND_FL_PMAX: "15"
  FW_LND_FL_PMIN: "2.5"
  FW_LND_FL_SINK: "0.25"
  FW_LND_FL_TIME: "1"
  FW_LND_NUDGE: "2"
  FW_LND_TD_OFF: "3"
  FW_LND_TD_TIME: "-1"
  FW_LND_THRTC_SC: "1"
  FW_LND_USETER: "1"
  FW_MAN_P_MAX: "30"
  FW_MAN_P_SC: "1"
  FW_MAN_R_MAX: "45"
  FW_MAN_R_SC: "1"
  FW_MAN_Y_SC: "1"
  FW_PN_R_SLEW_MAX: "90"
  FW_POS_STK_CONF: "2"
  FW_PR_D: "0"
  FW_PR_FF: "0.5"
  FW_PR_I: "0.05"
  FW_PR_IMAX: "0.4"
  FW_PR_P: "0.045"
  FW_PSP_OFF: "5"
  FW_P_LIM_MAX: "30"
  FW_P_LIM_MIN: "-30"
  FW_P_RMAX_NEG: "60"
  FW_P_RMAX_POS: "60"
  FW_P_TC: "0.5"
  FW_RLL_TO_YAW_FF: "0"
  FW_RR_D: "0"
  FW_RR_FF: "0.5"
  FW_RR_I: "0.15"
  FW_RR_IMAX: "0.2"
  FW_RR_P: "0.43"
  FW_R_LIM: "50"
  FW_R_RMAX: "70"
  FW_R_TC: "0.29"
  FW_SPOILERS_DESC: "0"
  FW_SPOILERS_LND: "0"
  FW_SPOILERS_MAN: "0"
  FW_THR_ASPD_MAX: "0"
  FW_THR_ASPD_MIN: "0"
  FW_THR_IDLE: "0.05"
  FW_THR_MAX: "1"
  FW_THR_MIN: "0"
  FW_THR_SLEW_MAX: "0"
  FW_THR_TRIM: "0.45"
  FW_TKO_AIRSPD: "-1"
  FW_TKO_PITCH_MIN: "10"
  FW_T_ALT_TC: "2"
  FW_T_CLMB_MAX: "5"
  FW_T_CLMB_R_SP: "5"
  FW_T_HRATE_FF: "0.3"
  FW_T_I_GAIN_PIT: "0.1"
  FW_T_I_GAIN_THR: "0.05"
  FW_T_PTCH_DAMP: "0.1"
  FW_T_RLL2THR: "15"
  FW_T_SEB_R_FF: "1"
  FW_T_SINK_MAX: "5"
  FW_T_SINK_MIN: "2"
  FW_T_SINK_R_SP: "5"
  FW_T_SPDWEIGHT: "1"
  FW_T_SPD_DEV_STD: "0.2"
  FW_T_SPD_PRC_STD: "0.2"
  FW_T_SPD_STD: "0.2"
  FW_T_STE_R_TC: "0.4"
  FW_T_TAS_TC: "5"
  FW_T_THR_DAMP: "0.1"
  FW_T_VERT_ACC: "7"
  FW_WIND_ARSP_SC: "0"
  FW_WING_HEIGHT: "0.5"
  FW_WING_SPAN: "3"
  FW_WR_FF: "0.2"
  FW_WR_I: "0.1"
  FW_WR_IMAX: "0.4"
  FW_WR_P: "0.5"
  FW_W_EN: "0"
  FW_W_RMAX: "30"
  FW_YR_D: "0"
  FW_YR_FF: "0.3"
  FW_YR_I: "0.1"
  FW_YR_IMAX: "0.2"
  FW_YR_P: "0.3"
  FW_Y_RMAX: "50"
  GF_ACTION: "2"
  GF_ALTMODE: "0"
  GF_COUNT: "-1"
  GF_MAX_HOR_DIST: "0"
  GF_MAX_VER_DIST: "0"
  GF_PREDICT: "0"
  GF_SOURCE: "0"
  GND_SPEED_THR_SC: "1"
  GPS_1_CONFIG: "201"
  GPS_1_GNSS: "0"
  GPS_1_PROTOCOL: "1"
  GPS_2_CONFIG: "0"
  GPS_DUMP_COMM: "0"
  GPS_PITCH_OFFSET: "0"
  GPS_SAT_INFO: "0"
  GPS_UBX_BAUD2: "230400"
  GPS_UBX_CFG_INTF: "0"
  GPS_UBX_DYNMODEL: "8"
  GPS_UBX_MODE: "0"
  GPS_YAW_OFFSET: "0"
  IMU_ACCEL_CUTOFF: "30"
  IMU_DGYRO_CUTOFF: "30"
  IMU_GYRO_CAL_EN: "1"
  IMU_GYRO_CUTOFF: "40"
  IMU_GYRO_DNF_BW: "15"
  IMU_GYRO_DNF_EN: "0"
  IMU_GYRO_DNF_HMC: "3"
  IMU_GYRO_DNF_MIN: "25"
  IMU_GYRO_NF0_BW: "20"
  IMU_GYRO_NF0_FRQ: "0"
  IMU_GYRO_NF1_BW: "20"
  IMU_GYRO_NF1_FRQ: "0"
  IMU_GYRO_RATEMAX: "400"
  IMU_INTEG_RATE: "200"
  LNDFW_AIRSPD_MAX: "6"
  LNDFW_TRIG_TIME: "2"
  LNDFW_VEL_XY_MAX: "5"
  LNDFW_VEL_Z_MAX: "1"
  LNDFW_XYACC_MAX: "8"
  LNDMC_ALT_MAX: "-1"
  LND_FLIGHT_T_HI: "0"
  LND_FLIGHT_T_LO: "-2143907077"
  MAN_ARM_GESTURE: "0"
  MAV_0_CONFIG: "101"
  MAV_0_FLOW_CTRL: "2"
  MAV_0_FORWARD: "1"
  MAV_0_MODE: "0"
  MAV_0_RADIO_CTL: "1"
  MAV_0_RATE: "1200"
  MAV_1_CONFIG: "0"
  MAV_2_CONFIG: "0"
  MAV_COMP_ID: "1"
  MAV_FWDEXTSP: "1"
  MAV_HASH_CHK_EN: "1"
  MAV_HB_FORW_EN: "1"
  MAV_PROTO_VER: "0"
  MAV_RADIO_TOUT: "5"
  MAV_SIK_RADIO_ID: "0"
  MAV_SYS_ID: "1"
  MAV_TYPE: "1"
  MAV_USEHILGPS: "0"
  MBE_ENABLE: "1"
  MBE_LEARN_GAIN: "18"
  MC_AIRMODE: "0"
  MC_AT_EN: "1"
  MIS_DIST_1WP: "900"
  MIS_LND_ABRT_ALT: "30"
  MIS_MNT_YAW_CTL: "0"
  MIS_PD_TO: "5"
  MIS_TAKEOFF_ALT: "25"
  MIS_TKO_LAND_REQ: "2"
  MIS_YAW_ERR: "12"
  MIS_YAW_TMT: "-1"
  MNT_MODE_IN: "-1"
  MOT_POLE_COUNT: "14"
  MOT_SLEW_MAX: "0"
  MPC_ACC_DOWN_MAX: "3"
  MPC_ACC_HOR: "3"
  MPC_ACC_HOR_MAX: "5"
  MPC_ACC_UP_MAX: "4"
  MPC_JERK_AUTO: "4"
  MPC_JERK_MAX: "8"
  MPC_LAND_SPEED: "0.7"
  MPC_XY_CRUISE: "5"
  MPC_Z_V_AUTO_DN: "1.5"
  MPC_Z_V_AUTO_UP: "3"
  MSP_OSD_CONFIG: "0"
  NAV_ACC_RAD: "10"
  NAV_DLL_ACT: "2"
  NAV_FORCE_VT: "1"
  NAV_FW_ALTL_RAD: "5"
  NAV_FW_ALT_RAD: "10"
  NAV_LOITER_RAD: "45"
  NAV_MC_ALT_RAD: "0.8"
  NAV_MIN_LTR_ALT: "-1"
  NAV_RCL_ACT: "2"
  NAV_TRAFF_AVOID: "1"
  NAV_TRAFF_A_HOR: "500"
  NAV_TRAFF_A_VER: "500"
  NAV_TRAFF_COLL_T: "60"
  NPFG_DAMPING: "0.7"
  NPFG_EN_MIN_GSP: "1"
  NPFG_GSP_MAX_TK: "7"
  NPFG_LB_PERIOD: "1"
  NPFG_PERIOD: "10"
  NPFG_PERIOD_SF: "1.5"
  NPFG_ROLL_TC: "0.32"
  NPFG_SW_DST_MLT: "0.32"
  NPFG_TRACK_KEEP: "1"
  NPFG_UB_PERIOD: "1"
  NPFG_WIND_REG: "1"
  PLD_BTOUT: "5"
  PLD_FAPPR_ALT: "0.1"
  PLD_HACC_RAD: "0.2"
  PLD_MAX_SRCH: "3"
  PLD_SRCH_ALT: "10"
  PLD_SRCH_TOUT: "10"
  PWM_AUX_DIS1: "1000"
  PWM_AUX_DIS10: "1000"
  PWM_AUX_DIS11: "1000"
  PWM_AUX_DIS2: "1000"
  PWM_AUX_DIS3: "1000"
  PWM_AUX_DIS4: "1000"
  PWM_AUX_DIS5: "1000"
  PWM_AUX_DIS6: "1000"
  PWM_AUX_DIS7: "1000"
  PWM_AUX_DIS8: "1000"
  PWM_AUX_DIS9: "1000"
  PWM_AUX_FAIL1: "-1"
  PWM_AUX_FAIL10: "-1"
  PWM_AUX_FAIL11: "-1"
  PWM_AUX_FAIL2: "-1"
  PWM_AUX_FAIL3: "-1"
  PWM_AUX_FAIL4: "-1"
  PWM_AUX_FAIL5: "-1"
  PWM_AUX_FAIL6: "-1"
  PWM_AUX_FAIL7: "-1"
  PWM_AUX_FAIL8: "-1"
  PWM_AUX_FAIL9: "-1"
  PWM_AUX_FUNC1: "0"
  PWM_AUX_FUNC10: "0"
  PWM_AUX_FUNC11: "0"
  PWM_AUX_FUNC2: "0"
  PWM_AUX_FUNC3: "0"
  PWM_AUX_FUNC4: "0"
  PWM_AUX_FUNC5: "0"
  PWM_AUX_FUNC6: "0"
  PWM_AUX_FUNC7: "0"
  PWM_AUX_FUNC8: "0"
  PWM_AUX_FUNC9: "0"
  PWM_AUX_MAX1: "2000"
  PWM_AUX_MAX10: "2000"
  PWM_AUX_MAX11: "2000"
  PWM_AUX_MAX2: "2000"
  PWM_AUX_MAX3: "2000"
  PWM_AUX_MAX4: "2000"
  PWM_AUX_MAX5: "2000"
  PWM_AUX_MAX6: "2000"
  PWM_AUX_MAX7: "2000"
  PWM_AUX_MAX8: "2000"
  PWM_AUX_MAX9: "2000"
  PWM_AUX_MIN1: "1000"
  PWM_AUX_MIN10: "1000"
  PWM_AUX_MIN11: "1000"
  PWM_AUX_MIN2: "1000"
  PWM_AUX_MIN3: "1000"
  PWM_AUX_MIN4: "1000"
  PWM_AUX_MIN5: "1000"
  PWM_AUX_MIN6: "1000"
  PWM_AUX_MIN7: "1000"
  PWM_AUX_MIN8: "1000"
  PWM_AUX_MIN9: "1000"
  PWM_AUX_REV: "0"
  PWM_AUX_TIM0: "400"
  PWM_AUX_TIM1: "400"
  PWM_AUX_TIM2: "400"
  PWM_AUX_TIM3: "400"
  PWM_MAIN_DIS1: "1000"
  PWM_MAIN_DIS2: "1500"
  PWM_MAIN_DIS3: "1500"
  PWM_MAIN_DIS4: "1520"
  PWM_MAIN_DIS5: "1500"
  PWM_MAIN_DIS6: "1000"
  PWM_MAIN_DIS7: "1000"
  PWM_MAIN_DIS8: "1000"
  PWM_MAIN_FAIL1: "-1"
  PWM_MAIN_FAIL2: "-1"
  PWM_MAIN_FAIL3: "-1"
  PWM_MAIN_FAIL4: "-1"
  PWM_MAIN_FAIL5: "-1"
  PWM_MAIN_FAIL6: "-1"
  PWM_MAIN_FAIL7: "-1"
  PWM_MAIN_FAIL8: "-1"
  PWM_MAIN_FUNC1: "101"
  PWM_MAIN_FUNC2: "201"
  PWM_MAIN_FUNC3: "202"
  PWM_MAIN_FUNC4: "203"
  PWM_MAIN_FUNC5: "204"
  PWM_MAIN_FUNC6: "0"
  PWM_MAIN_FUNC7: "0"
  PWM_MAIN_FUNC8: "0"
  PWM_MAIN_MAX1: "2000"
  PWM_MAIN_MAX2: "2000"
  PWM_MAIN_MAX3: "2000"
  PWM_MAIN_MAX4: "2000"
  PWM_MAIN_MAX5: "2000"
  PWM_MAIN_MAX6: "2000"
  PWM_MAIN_MAX7: "2000"
  PWM_MAIN_MAX8: "2000"
  PWM_MAIN_MIN1: "1000"
  PWM_MAIN_MIN2: "1000"
  PWM_MAIN_MIN3: "1000"
  PWM_MAIN_MIN4: "1000"
  PWM_MAIN_MIN5: "1000"
  PWM_MAIN_MIN6: "1000"
  PWM_MAIN_MIN7: "1000"
  PWM_MAIN_MIN8: "1000"
  PWM_MAIN_REV: "20"
  PWM_MAIN_TIM0: "400"
  PWM_MAIN_TIM1: "50"
  PWM_MAIN_TIM2: "50"
  PWM_SBUS_MODE: "0"
  RC10_DZ: "0"
  RC10_MAX: "2000"
  RC10_MIN: "1000"
  RC10_REV: "1"
  RC10_TRIM: "1500"
  RC11_DZ: "0"
  RC11_MAX: "2000"
  RC11_MIN: "1000"
  RC11_REV: "1"
  RC11_TRIM: "1500"
  RC12_DZ: "0"
  RC12_MAX: "2000"
  RC12_MIN: "1000"
  RC12_REV: "1"
  RC12_TRIM: "1500"
  RC13_DZ: "0"
  RC13_MAX: "2000"
  RC13_MIN: "1000"
  RC13_REV: "1"
  RC13_TRIM: "1500"
  RC14_DZ: "0"
  RC14_MAX: "2000"
  RC14_MIN: "1000"
  RC14_REV: "1"
  RC14_TRIM: "1500"
  RC15_DZ: "0"
  RC15_MAX: "2000"
  RC15_MIN: "1000"
  RC15_REV: "1"
  RC15_TRIM: "1500"
  RC16_DZ: "0"
  RC16_MAX: "2000"
  RC16_MIN: "1000"
  RC16_REV: "1"
  RC16_TRIM: "1500"
  RC17_DZ: "0"
  RC17_MAX: "2000"
  RC17_MIN: "1000"
  RC17_REV: "1"
  RC17_TRIM: "1500"
  RC18_DZ: "0"
  RC18_MAX: "2000"
  RC18_MIN: "1000"
  RC18_REV: "1"
  RC18_TRIM: "1500"
  RC1_DZ: "10"
  RC1_MAX: "1950"
  RC1_MIN: "1050"
  RC1_REV: "1"
  RC1_TRIM: "1500"
  RC2_DZ: "10"
  RC2_MAX: "1950"
  RC2_MIN: "1050"
  RC2_REV: "-1"
  RC2_TRIM: "1500"
  RC3_DZ: "10"
  RC3_MAX: "1950"
  RC3_MIN: "1050"
  RC3_REV: "1"
  RC3_TRIM: "1050"
  RC4_DZ: "10"
  RC4_MAX: "1950"
  RC4_MIN: "1050"
  RC4_REV: "1"
  RC4_TRIM: "1500"
  RC5_DZ: "10"
  RC5_MAX: "2000"
  RC5_MIN: "1000"
  RC5_REV: "1"
  RC5_TRIM: "1500"
  RC6_DZ: "10"
  RC6_MAX: "2000"
  RC6_MIN: "1000"
  RC6_REV: "1"
  RC6_TRIM: "1500"
  RC7_DZ: "10"
  RC7_MAX: "2000"
  RC7_MIN: "1000"
  RC7_REV: "1"
  RC7_TRIM: "1500"
  RC8_DZ: "10"
  RC8_MAX: "2000"
  RC8_MIN: "1000"
  RC8_REV: "1"
  RC8_TRIM: "1500"
  RC9_DZ: "0"
  RC9_MAX: "2000"
  RC9_MIN: "1000"
  RC9_REV: "1"
  RC9_TRIM: "1500"
  RC_ARMSWITCH_TH: "0.75"
  RC_CHAN_CNT: "18"
  RC_CRSF_PRT_CFG: "0"
  RC_ENG_MOT_TH: "0.75"
  RC_FAILS_THR: "0"
  RC_GEAR_TH: "0.75"
  RC_INPUT_PROTO: "2"
  RC_KILLSWITCH_TH: "0.75"
  RC_LOITER_TH: "0.75"
  RC_MAP_ACRO_SW: "0"
  RC_MAP_ARM_SW: "11"
  RC_MAP_AUX1: "0"
  RC_MAP_AUX2: "0"
  RC_MAP_AUX3: "0"
  RC_MAP_AUX4: "0"
  RC_MAP_AUX5: "0"
  RC_MAP_AUX6: "0"
  RC_MAP_ENG_MOT: "0"
  RC_MAP_FAILSAFE: "0"
  RC_MAP_FLAPS: "0"
  RC_MAP_FLTMODE: "5"
  RC_MAP_FLTM_BTN: "0"
  RC_MAP_GEAR_SW: "0"
  RC_MAP_KILL_SW: "7"
  RC_MAP_LOITER_SW: "15"
  RC_MAP_MAN_SW: "0"
  RC_MAP_MODE_SW: "0"
  RC_MAP_OFFB_SW: "0"
  RC_MAP_PARAM1: "0"
  RC_MAP_PARAM2: "0"
  RC_MAP_PARAM3: "0"
  RC_MAP_PITCH: "2"
  RC_MAP_POSCTL_SW: "0"
  RC_MAP_RATT_SW: "0"
  RC_MAP_RETURN_SW: "6"
  RC_MAP_ROLL: "1"
  RC_MAP_STAB_SW: "0"
  RC_MAP_THROTTLE: "3"
  RC_MAP_TRANS_SW: "0"
  RC_MAP_YAW: "4"
  RC_OFFB_TH: "0.75"
  RC_PORT_CONFIG: "0"
  RC_RETURN_TH: "0.75"
  RC_RSSI_PWM_CHAN: "0"
  RC_RSSI_PWM_MAX: "2000"
  RC_RSSI_PWM_MIN: "1000"
  RC_TRANS_TH: "0.75"
  RTL_CONE_ANG: "45"
  RTL_DESCEND_ALT: "40"
  RTL_HDG_MD: "0"
  RTL_LAND_DELAY: "-1"
  RTL_LOITER_RAD: "50"
  RTL_MIN_DIST: "10"
  RTL_PLD_MD: "0"
  RTL_RETURN_ALT: "50"
  RTL_TIME_FACTOR: "1.1"
  RTL_TIME_MARGIN: "100"
  RTL_TYPE: "1"
  RWTO_HDG: "0"
  RWTO_MAX_THR: "1"
  RWTO_NPFG_PERIOD: "5"
  RWTO_NUDGE: "1"
  RWTO_PSP: "0"
  RWTO_RAMP_TIME: "2"
  RWTO_ROT_AIRSPD: "-1"
  RWTO_ROT_TIME: "1"
  RWTO_TKOFF: "0"
  SDLOG_BOOT_BAT: "0"
  SDLOG_DIRS_MAX: "0"
  SDLOG_MISSION: "0"
  SDLOG_MODE: "0"
  SDLOG_PROFILE: "1"
  SDLOG_UTC_OFFSET: "0"
  SDLOG_UUID: "1"
  SENS_BARO_QNH: "1013.25"
  SENS_BARO_RATE: "20"
  SENS_BOARD_ROT: "0"
  SENS_BOARD_X_OFF: "0.4910419"
  SENS_BOARD_Y_OFF: "-2.6392746"
  SENS_BOARD_Z_OFF: "0"
  SENS_CM8JL65_CFG: "0"
  SENS_DPRES_OFF: "42.455936"
  SENS_EN_ADIS164X: "0"
  SENS_EN_BATT: "0"
  SENS_EN_IRLOCK: "0"
  SENS_EN_LL40LS: "0"
  SENS_EN_MB12XX: "0"
  SENS_EN_MPDT: "0"
  SENS_EN_MS4525DO: "1"
  SENS_EN_MS5525DS: "1"
  SENS_EN_PAA3905: "0"
  SENS_EN_PAW3902: "0"
  SENS_EN_PGA460: "0"
  SENS_EN_PMW3901: "0"
  SENS_EN_PX4FLOW: "0"
  SENS_EN_SDP3X: "0"
  SENS_EN_SF1XX: "0"
  SENS_EN_SHT3X: "0"
  SENS_EN_SPL06: "0"
  SENS_EN_TF02PRO: "0"
  SENS_EN_THERMAL: "-1"
  SENS_EN_TRANGER: "0"
  SENS_EN_VL53L0X: "0"
  SENS_EN_VL53L1X: "0"
  SENS_EXT_I2C_PRB: "1"
  SENS_GPS_MASK: "7"
  SENS_GPS_PRIME: "0"
  SENS_GPS_TAU: "10"
  SENS_IMU_AUTOCAL: "1"
  SENS_IMU_MODE: "0"
  SENS_LEDDAR1_CFG: "0"
  SENS_MAG_AUTOCAL: "1"
  SENS_MAG_AUTOROT: "1"
  SENS_MAG_MODE: "1"
  SENS_MAG_RATE: "15"
  SENS_MAG_SIDES: "63"
  SENS_SF0X_CFG: "0"
  SENS_TFLOW_CFG: "0"
  SENS_TFMINI_CFG: "0"
  SENS_ULAND_CFG: "0"
  SER_GPS1_BAUD: "0"
  SER_TEL1_BAUD: "921600"
  SYS_AUTOCONFIG: "0"
  SYS_AUTOSTART: "2100"
  SYS_CAL_ACCEL: "0"
  SYS_CAL_BARO: "0"
  SYS_CAL_GYRO: "0"
  SYS_CAL_TDEL: "24"
  SYS_CAL_TMAX: "10"
  SYS_CAL_TMIN: "5"
  SYS_DM_BACKEND: "0"
  SYS_FAC_CAL_MODE: "0"
  SYS_FAILURE_EN: "0"
  SYS_HAS_BARO: "1"
  SYS_HAS_GPS: "1"
  SYS_HAS_MAG: "1"
  SYS_HAS_NUM_DIST: "0"
  SYS_HITL: "0"
  SYS_MC_EST_GROUP: "2"
  SYS_RGB_MAXBRT: "1"
  SYS_STCK_EN: "1"
  TC_A_ENABLE: "0"
  TC_B_ENABLE: "0"
  TC_G_ENABLE: "0"
  TEL_BST_EN: "0"
  TEL_FRSKY_CONFIG: "0"
  TEL_HOTT_CONFIG: "0"
  THR_MDL_FAC: "0"
  TRIG_MODE: "0"
  TRIM_PITCH: "0"
  TRIM_ROLL: "0"
  TRIM_YAW: "0"
  UAVCAN_BITRATE: "1000000"
  UAVCAN_EC_FAIL1: "-1"
  UAVCAN_EC_FAIL2: "-1"
  UAVCAN_EC_FAIL3: "-1"
  UAVCAN_EC_FAIL4: "-1"
  UAVCAN_EC_FAIL5: "-1"
  UAVCAN_EC_FAIL6: "-1"
  UAVCAN_EC_FAIL7: "-1"
  UAVCAN_EC_FAIL8: "-1"
  UAVCAN_EC_FUNC1: "0"
  UAVCAN_EC_FUNC2: "0"
  UAVCAN_EC_FUNC3: "0"
  UAVCAN_EC_FUNC4: "0"
  UAVCAN_EC_FUNC5: "0"
  UAVCAN_EC_FUNC6: "0"
  UAVCAN_EC_FUNC7: "0"
  UAVCAN_EC_FUNC8: "0"
  UAVCAN_EC_MAX1: "8191"
  UAVCAN_EC_MAX2: "8191"
  UAVCAN_EC_MAX3: "8191"
  UAVCAN_EC_MAX4: "8191"
  UAVCAN_EC_MAX5: "8191"
  UAVCAN_EC_MAX6: "8191"
  UAVCAN_EC_MAX7: "8191"
  UAVCAN_EC_MAX8: "8191"
  UAVCAN_EC_MIN1: "1"
  UAVCAN_EC_MIN2: "1"
  UAVCAN_EC_MIN3: "1"
  UAVCAN_EC_MIN4: "1"
  UAVCAN_EC_MIN5: "1"
  UAVCAN_EC_MIN6: "1"
  UAVCAN_EC_MIN7: "1"
  UAVCAN_EC_MIN8: "1"
  UAVCAN_EC_REV: "0"
  UAVCAN_ENABLE: "2"
  UAVCAN_LGT_ANTCL: "2"
  UAVCAN_LGT_LAND: "0"
  UAVCAN_LGT_NAV: "3"
  UAVCAN_LGT_STROB: "1"
  UAVCAN_NODE_ID: "1"
  UAVCAN_PUB_ARM: "0"
  UAVCAN_PUB_MBD: "0"
  UAVCAN_PUB_RTCM: "0"
  UAVCAN_SUB_ASPD: "0"
  UAVCAN_SUB_BARO: "0"
  UAVCAN_SUB_BAT: "0"
  UAVCAN_SUB_BTN: "0"
  UAVCAN_SUB_DPRES: "0"
  UAVCAN_SUB_FLOW: "0"
  UAVCAN_SUB_GPS: "997135178"
  UAVCAN_SUB_HYGRO: "0"
  UAVCAN_SUB_ICE: "0"
  UAVCAN_SUB_IMU: "0"
  UAVCAN_SUB_MAG: "1"
  UAVCAN_SUB_RNG: "0"
  UAVCAN_SV_DIS1: "500"
  UAVCAN_SV_DIS2: "500"
  UAVCAN_SV_DIS3: "500"
  UAVCAN_SV_DIS4: "500"
  UAVCAN_SV_DIS5: "500"
  UAVCAN_SV_DIS6: "500"
  UAVCAN_SV_DIS7: "500"
  UAVCAN_SV_DIS8: "500"
  UAVCAN_SV_FAIL1: "-1"
  UAVCAN_SV_FAIL2: "-1"
  UAVCAN_SV_FAIL3: "-1"
  UAVCAN_SV_FAIL4: "-1"
  UAVCAN_SV_FAIL5: "-1"
  UAVCAN_SV_FAIL6: "-1"
  UAVCAN_SV_FAIL7: "-1"
  UAVCAN_SV_FAIL8: "-1"
  UAVCAN_SV_FUNC1: "0"
  UAVCAN_SV_FUNC2: "0"
  UAVCAN_SV_FUNC3: "0"
  UAVCAN_SV_FUNC4: "0"
  UAVCAN_SV_FUNC5: "0"
  UAVCAN_SV_FUNC6: "0"
  UAVCAN_SV_FUNC7: "0"
  UAVCAN_SV_FUNC8: "0"
  UAVCAN_SV_MAX1: "1000"
  UAVCAN_SV_MAX2: "1000"
  UAVCAN_SV_MAX3: "1000"
  UAVCAN_SV_MAX4: "1000"
  UAVCAN_SV_MAX5: "1000"
  UAVCAN_SV_MAX6: "1000"
  UAVCAN_SV_MAX7: "1000"
  UAVCAN_SV_MAX8: "1000"
  UAVCAN_SV_MIN1: "0"
  UAVCAN_SV_MIN2: "0"
  UAVCAN_SV_MIN3: "0"
  UAVCAN_SV_MIN4: "0"
  UAVCAN_SV_MIN5: "0"
  UAVCAN_SV_MIN6: "0"
  UAVCAN_SV_MIN7: "0"
  UAVCAN_SV_MIN8: "0"
  UAVCAN_SV_REV: "0"
  UXRCE_DDS_CFG: "0"
  VTO_LOITER_ALT: "80"
  VT_B_DEC_MSS: "2"
  VT_FW_DIFTHR_EN: "0"
  WEIGHT_BASE: "-1"
  WEIGHT_GROSS: "-1"
logged_messages_by_level:
  52: 3
  54: 20
