---
source: tests/real_world_fixtures.rs
expression: "topic_summary(&fixture_path(\"fixed_wing_gps.ulg\"))"
---
action_request: 2
actuator_armed: 1220
actuator_motors: 6057
actuator_outputs: 6057
actuator_servos: 6057
airspeed: 605
airspeed_validated: 3029
airspeed_wind: 1210
battery_status: 3029
control_allocator_status: 3029
cpuload: 1212
differential_pressure: 605
estimator_attitude: 3633
estimator_baro_bias: 3633
estimator_event_flags: 1811
estimator_global_position: 1815
estimator_gps_status: 1815
estimator_innovation_test_ratios: 3633
estimator_innovation_variances: 3633
estimator_innovations: 3633
estimator_local_position: 3633
estimator_selector_status: 605
estimator_sensor_bias: 12653
estimator_states: 1815
estimator_status: 9087
estimator_status_flags: 1886
estimator_wind: 1794
event: 39
failsafe_flags: 1174
failure_detector_status: 1218
flaps_setpoint: 605
home_position: 4
input_rc: 1211
magnetometer_bias_estimate: 6
manual_control_setpoint: 3029
manual_control_switches: 604
mission_result: 9
navigator_mission_item: 4
npfg_status: 4584
parameter_update: 2
position_controller_landing_status: 761
position_controller_status: 921
position_setpoint_triplet: 12
px4io_status: 597
rate_ctrl_status: 2920
rtl_time_estimate: 597
sensor_accel: 1815
sensor_baro: 605
sensor_combined: 121481
sensor_gps: 605
sensor_gyro: 1815
sensor_mag: 1210
sensor_selection: 1
sensors_status_imu: 3029
spoilers_setpoint: 605
system_power: 1211
tecs_status: 2294
telemetry_status: 605
transponder_report: 1
vehicle_acceleration: 12112
vehicle_air_data: 3029
vehicle_angular_velocity: 30277
vehicle_attitude: 12112
vehicle_attitude_setpoint: 11671
vehicle_command: 27
vehicle_command_ack: 24
vehicle_control_mode: 1220
vehicle_global_position: 3029
vehicle_gps_position: 1211
vehicle_imu: 3633
vehicle_imu_status: 1815
vehicle_land_detected: 605
vehicle_local_position: 6057
vehicle_local_position_setpoint: 3411
vehicle_magnetometer: 1211
vehicle_rates_setpoint: 29172
vehicle_status: 1220
vehicle_thrust_setpoint: 30277
vehicle_torque_setpoint: 30277
wind: 598
yaw_estimator_status: 1788
