---
source: tests/real_world_fixtures.rs
expression: "topic_summary(&fixture_path(\"vtol_demo.ulg\"))"
---
actuator_armed: 700
actuator_motors: 3530
actuator_outputs: 7060
actuator_servos: 3530
airspeed_validated: 1767
airspeed_wind: 353
battery_status: 1766
can_interface_status: 6961
config_overrides: 698
control_allocator_status: 3532
cpuload: 706
estimator_aid_src_baro_hgt: 1414
estimator_aid_src_gnss_hgt: 1414
estimator_aid_src_gnss_pos: 1414
estimator_aid_src_gnss_vel: 1414
estimator_aid_src_gravity: 1414
estimator_aid_src_mag: 1414
estimator_attitude: 1412
estimator_baro_bias: 1412
estimator_event_flags: 700
estimator_global_position: 1412
estimator_gps_status: 1414
estimator_innovation_test_ratios: 1414
estimator_innovation_variances: 1414
estimator_innovations: 1414
estimator_local_position: 1414
estimator_odometry: 1413
estimator_selector_status: 352
estimator_sensor_bias: 704
estimator_states: 1412
estimator_status: 3532
estimator_status_flags: 710
event: 4
failsafe_flags: 643
failure_detector_status: 700
flaps_setpoint: 353
flight_phase_estimation: 353
home_position: 4
hover_thrust_estimate: 3456
input_rc: 707
landing_gear: 2
magnetometer_bias_estimate: 5
manual_control_setpoint: 1767
manual_control_switches: 349
mission_result: 14
navigator_mission_item: 13
navigator_status: 698
parameter_update: 2
position_setpoint_triplet: 21
px4io_status: 348
radio_status: 1695
rate_ctrl_status: 3532
rtl_status: 176
rtl_time_estimate: 174
sensor_accel: 1056
sensor_baro: 704
sensor_combined: 70609
sensor_gps: 352
sensor_gyro: 1056
sensor_mag: 1056
sensors_status_imu: 1766
spoilers_setpoint: 353
system_power: 707
takeoff_status: 8
telemetry_status: 1059
timesync_status: 25
trajectory_setpoint: 1766
transponder_report: 34
vehicle_acceleration: 7062
vehicle_air_data: 1766
vehicle_angular_velocity: 17653
vehicle_attitude: 7062
vehicle_attitude_setpoint: 7062
vehicle_command: 7
vehicle_command_ack: 1
vehicle_constraints: 353
vehicle_control_mode: 699
vehicle_global_position: 1766
vehicle_gps_position: 1766
vehicle_imu: 2115
vehicle_imu_status: 1056
vehicle_land_detected: 357
vehicle_local_position: 3530
vehicle_local_position_setpoint: 3531
vehicle_magnetometer: 707
vehicle_rates_setpoint: 17652
vehicle_status: 699
vehicle_thrust_setpoint: 35304
vehicle_torque_setpoint: 35304
vtol_vehicle_status: 352
yaw_estimator_status: 704
